<?xml version="1.0" encoding="UTF-8"?>
<TestRun id="50b44976-7ba4-4ad9-a250-4c7763e39fe1" name="Administrador@GERARDO 2013-10-10 17:06:04" runUser="GERARDO\Administrador" xmlns="http://microsoft.com/schemas/VisualStudio/TeamTest/2010">
  <TestSettings name="Local" id="ea1579ee-3d17-4c7f-a67e-f9786e87a8f9">
    <Description>These are default test settings for a local test run.</Description>
    <Deployment enabled="false" runDeploymentRoot="Administrador_GERARDO 2013-10-10 17_06_04">
      <DeploymentItem filename="H:\Visual Studio 2010\Pr02-BidirectionalAssociations\bin\Release\Pr02-BidirectionalAssociations.exe" />
      <DeploymentItem filename="H:\Visual Studio 2010\ObserverPattern-Twitter\bin\Release\SoftwareDesign.Pr2.ObserverPattern.exe" />
    </Deployment>
    <Execution>
      <TestTypeSpecific />
      <AgentRule name="Execution Agents">
      </AgentRule>
    </Execution>
  </TestSettings>
  <Times creation="2013-10-10T17:06:04.0468750+02:00" queuing="2013-10-10T17:06:08.4687500+02:00" start="2013-10-10T17:06:09.0312500+02:00" finish="2013-10-10T17:06:12.0000000+02:00" />
  <ResultSummary outcome="Failed">
    <Counters total="23" executed="23" passed="22" error="0" failed="1" timeout="0" aborted="0" inconclusive="0" passedButRunAborted="0" notRunnable="0" notExecuted="0" disconnected="0" warning="0" completed="0" inProgress="0" pending="0" />
  </ResultSummary>
  <TestDefinitions>
    <UnitTest name="ChangeCouplesTest" storage="h:\visual studio 2010\pr02-bidirectionalassociations.test\bin\release\pr02-bidirectionalassociations.test.dll" id="8d0dc86d-9728-f51f-47c4-131ee1fa47f3">
      <Execution id="fd18fdbc-b25b-493c-a2df-ee0fbae1a6e9" />
      <TestMethod codeBase="H:/Visual Studio 2010/Pr02-BidirectionalAssociations.Test/bin/Release/Pr02-BidirectionalAssociations.Test.DLL" adapterTypeName="Microsoft.VisualStudio.TestTools.TestTypes.Unit.UnitTestAdapter, Microsoft.VisualStudio.QualityTools.Tips.UnitTest.Adapter, Version=10.0.0.0, Culture=neutral, PublicKeyToken=b03f5f7f11d50a3a" className="Pr02_BidirectionalAssociations.MormonMarriageStyle.Test.ManTest, Pr02-BidirectionalAssociations.Test, Version=1.0.0.0, Culture=neutral, PublicKeyToken=null" name="ChangeCouplesTest" />
    </UnitTest>
    <UnitTest name="GetNameTest" storage="h:\visual studio 2010\pr02-bidirectionalassociations.test\bin\release\pr02-bidirectionalassociations.test.dll" id="9b6c598b-4a8c-fe13-14c3-820564032856">
      <Execution id="69cb95c0-f5a5-4ebc-ad42-04c454d3aa02" />
      <TestMethod codeBase="H:/Visual Studio 2010/Pr02-BidirectionalAssociations.Test/bin/Release/Pr02-BidirectionalAssociations.Test.DLL" adapterTypeName="Microsoft.VisualStudio.TestTools.TestTypes.Unit.UnitTestAdapter, Microsoft.VisualStudio.QualityTools.Tips.UnitTest.Adapter, Version=10.0.0.0, Culture=neutral, PublicKeyToken=b03f5f7f11d50a3a" className="Pr02_BidirectionalAssociations.PeopleMustBeMarried.Test.ManTest, Pr02-BidirectionalAssociations.Test, Version=1.0.0.0, Culture=neutral, PublicKeyToken=null" name="GetNameTest" />
    </UnitTest>
    <UnitTest name="SetNameTest" storage="h:\visual studio 2010\pr02-bidirectionalassociations.test\bin\release\pr02-bidirectionalassociations.test.dll" id="2be7cfc5-ff23-c0eb-aa9f-5f448e6e4a3c">
      <Execution id="409a7875-577b-48e6-8b2a-dfc4da3824a9" />
      <TestMethod codeBase="H:/Visual Studio 2010/Pr02-BidirectionalAssociations.Test/bin/Release/Pr02-BidirectionalAssociations.Test.DLL" adapterTypeName="Microsoft.VisualStudio.TestTools.TestTypes.Unit.UnitTestAdapter, Microsoft.VisualStudio.QualityTools.Tips.UnitTest.Adapter, Version=10.0.0.0, Culture=neutral, PublicKeyToken=b03f5f7f11d50a3a" className="Pr02_BidirectionalAssociations.PeopleCanBeSingle.Test.ManTest, Pr02-BidirectionalAssociations.Test, Version=1.0.0.0, Culture=neutral, PublicKeyToken=null" name="SetNameTest" />
    </UnitTest>
    <UnitTest name="ChangeCouplesTest" storage="h:\visual studio 2010\pr02-bidirectionalassociations.test\bin\release\pr02-bidirectionalassociations.test.dll" id="3f679cbf-f532-349f-27d9-2d409674fbfe">
      <Execution id="3f406d73-925f-43a8-9ae5-2c132b40b0b1" />
      <TestMethod codeBase="H:/Visual Studio 2010/Pr02-BidirectionalAssociations.Test/bin/Release/Pr02-BidirectionalAssociations.Test.DLL" adapterTypeName="Microsoft.VisualStudio.TestTools.TestTypes.Unit.UnitTestAdapter, Microsoft.VisualStudio.QualityTools.Tips.UnitTest.Adapter, Version=10.0.0.0, Culture=neutral, PublicKeyToken=b03f5f7f11d50a3a" className="Pr02_BidirectionalAssociations.PeopleMustBeMarried.Test.ManTest, Pr02-BidirectionalAssociations.Test, Version=1.0.0.0, Culture=neutral, PublicKeyToken=null" name="ChangeCouplesTest" />
    </UnitTest>
    <UnitTest name="EqualsTest" storage="h:\visual studio 2010\pr02-bidirectionalassociations.test\bin\release\pr02-bidirectionalassociations.test.dll" id="0d224b74-73c8-531b-9606-939cf76be9cb">
      <Execution id="2674fe49-29df-4c41-8476-a788799e4c8b" />
      <TestMethod codeBase="H:/Visual Studio 2010/Pr02-BidirectionalAssociations.Test/bin/Release/Pr02-BidirectionalAssociations.Test.DLL" adapterTypeName="Microsoft.VisualStudio.TestTools.TestTypes.Unit.UnitTestAdapter, Microsoft.VisualStudio.QualityTools.Tips.UnitTest.Adapter, Version=10.0.0.0, Culture=neutral, PublicKeyToken=b03f5f7f11d50a3a" className="Pr02_BidirectionalAssociations.PeopleCanBeSingle.Test.ManTest, Pr02-BidirectionalAssociations.Test, Version=1.0.0.0, Culture=neutral, PublicKeyToken=null" name="EqualsTest" />
    </UnitTest>
    <UnitTest name="NameTest" storage="h:\visual studio 2010\pr2-observerpattern.test\bin\release\pr2-observerpattern.test.dll" id="42d4e71a-e9a7-f058-5497-ed26a349c300">
      <Execution id="73c7ef16-0c07-4105-a835-c7f6edcfd18f" />
      <TestMethod codeBase="H:/Visual Studio 2010/Pr2-ObserverPattern.Test/bin/Release/Pr2-ObserverPattern.Test.DLL" adapterTypeName="Microsoft.VisualStudio.TestTools.TestTypes.Unit.UnitTestAdapter, Microsoft.VisualStudio.QualityTools.Tips.UnitTest.Adapter, Version=10.0.0.0, Culture=neutral, PublicKeyToken=b03f5f7f11d50a3a" className="Pr2_ObserverPattern.Test.UserTest, Pr2-ObserverPattern.Test, Version=1.0.0.0, Culture=neutral, PublicKeyToken=null" name="NameTest" />
    </UnitTest>
    <UnitTest name="SetNameTest" storage="h:\visual studio 2010\pr02-bidirectionalassociations.test\bin\release\pr02-bidirectionalassociations.test.dll" id="c2c63bb1-0697-a444-2ad1-0a65720a9644">
      <Execution id="363833cc-91f7-41ff-a6d7-337d53cc7289" />
      <TestMethod codeBase="H:/Visual Studio 2010/Pr02-BidirectionalAssociations.Test/bin/Release/Pr02-BidirectionalAssociations.Test.DLL" adapterTypeName="Microsoft.VisualStudio.TestTools.TestTypes.Unit.UnitTestAdapter, Microsoft.VisualStudio.QualityTools.Tips.UnitTest.Adapter, Version=10.0.0.0, Culture=neutral, PublicKeyToken=b03f5f7f11d50a3a" className="Pr02_BidirectionalAssociations.PeopleMustBeMarried.Test.ManTest, Pr02-BidirectionalAssociations.Test, Version=1.0.0.0, Culture=neutral, PublicKeyToken=null" name="SetNameTest" />
    </UnitTest>
    <UnitTest name="ChangeCoupleTest" storage="h:\visual studio 2010\pr02-bidirectionalassociations.test\bin\release\pr02-bidirectionalassociations.test.dll" id="fee97618-ccab-b58b-2e35-87356f9d2e2f">
      <Execution id="a863ded3-27ec-4a2f-b443-2c14cee6ceee" />
      <TestMethod codeBase="H:/Visual Studio 2010/Pr02-BidirectionalAssociations.Test/bin/Release/Pr02-BidirectionalAssociations.Test.DLL" adapterTypeName="Microsoft.VisualStudio.TestTools.TestTypes.Unit.UnitTestAdapter, Microsoft.VisualStudio.QualityTools.Tips.UnitTest.Adapter, Version=10.0.0.0, Culture=neutral, PublicKeyToken=b03f5f7f11d50a3a" className="Pr02_BidirectionalAssociations.PeopleCanBeSingle.Test.ManTest, Pr02-BidirectionalAssociations.Test, Version=1.0.0.0, Culture=neutral, PublicKeyToken=null" name="ChangeCoupleTest" />
    </UnitTest>
    <UnitTest name="UserConstructorTest" storage="h:\visual studio 2010\pr2-observerpattern.test\bin\release\pr2-observerpattern.test.dll" id="d5e4d03e-a51e-d7e1-6449-74af4c77971b">
      <Execution id="98875711-8276-4312-9bb4-0eabffe661f3" />
      <TestMethod codeBase="H:/Visual Studio 2010/Pr2-ObserverPattern.Test/bin/Release/Pr2-ObserverPattern.Test.DLL" adapterTypeName="Microsoft.VisualStudio.TestTools.TestTypes.Unit.UnitTestAdapter, Microsoft.VisualStudio.QualityTools.Tips.UnitTest.Adapter, Version=10.0.0.0, Culture=neutral, PublicKeyToken=b03f5f7f11d50a3a" className="Pr2_ObserverPattern.Test.UserTest, Pr2-ObserverPattern.Test, Version=1.0.0.0, Culture=neutral, PublicKeyToken=null" name="UserConstructorTest" />
    </UnitTest>
    <UnitTest name="AddWifeTest" storage="h:\visual studio 2010\pr02-bidirectionalassociations.test\bin\release\pr02-bidirectionalassociations.test.dll" id="860811e3-b97e-644c-bdad-aedcca14161f">
      <Execution id="a408f89a-e894-4b92-acd4-c81df45c3c2a" />
      <TestMethod codeBase="H:/Visual Studio 2010/Pr02-BidirectionalAssociations.Test/bin/Release/Pr02-BidirectionalAssociations.Test.DLL" adapterTypeName="Microsoft.VisualStudio.TestTools.TestTypes.Unit.UnitTestAdapter, Microsoft.VisualStudio.QualityTools.Tips.UnitTest.Adapter, Version=10.0.0.0, Culture=neutral, PublicKeyToken=b03f5f7f11d50a3a" className="Pr02_BidirectionalAssociations.MormonMarriageStyle.Test.ManTest, Pr02-BidirectionalAssociations.Test, Version=1.0.0.0, Culture=neutral, PublicKeyToken=null" name="AddWifeTest" />
    </UnitTest>
    <UnitTest name="EqualsTest" storage="h:\visual studio 2010\pr02-bidirectionalassociations.test\bin\release\pr02-bidirectionalassociations.test.dll" id="36b479e8-9918-2c63-0d02-0ca98f475a8e">
      <Execution id="8e1441e7-6684-4fa2-adde-df90429384c8" />
      <TestMethod codeBase="H:/Visual Studio 2010/Pr02-BidirectionalAssociations.Test/bin/Release/Pr02-BidirectionalAssociations.Test.DLL" adapterTypeName="Microsoft.VisualStudio.TestTools.TestTypes.Unit.UnitTestAdapter, Microsoft.VisualStudio.QualityTools.Tips.UnitTest.Adapter, Version=10.0.0.0, Culture=neutral, PublicKeyToken=b03f5f7f11d50a3a" className="Pr02_BidirectionalAssociations.MormonMarriageStyle.Test.ManTest, Pr02-BidirectionalAssociations.Test, Version=1.0.0.0, Culture=neutral, PublicKeyToken=null" name="EqualsTest" />
    </UnitTest>
    <UnitTest name="EqualsTest" storage="h:\visual studio 2010\pr02-bidirectionalassociations.test\bin\release\pr02-bidirectionalassociations.test.dll" id="8e6bda69-19ea-103b-5eb9-72a74db46db6">
      <Execution id="1d22aa08-9b7c-439a-9321-abb1a243f305" />
      <TestMethod codeBase="H:/Visual Studio 2010/Pr02-BidirectionalAssociations.Test/bin/Release/Pr02-BidirectionalAssociations.Test.DLL" adapterTypeName="Microsoft.VisualStudio.TestTools.TestTypes.Unit.UnitTestAdapter, Microsoft.VisualStudio.QualityTools.Tips.UnitTest.Adapter, Version=10.0.0.0, Culture=neutral, PublicKeyToken=b03f5f7f11d50a3a" className="Pr02_BidirectionalAssociations.PeopleMustBeMarried.Test.ManTest, Pr02-BidirectionalAssociations.Test, Version=1.0.0.0, Culture=neutral, PublicKeyToken=null" name="EqualsTest" />
    </UnitTest>
    <UnitTest name="ManConstructorTest" storage="h:\visual studio 2010\pr02-bidirectionalassociations.test\bin\release\pr02-bidirectionalassociations.test.dll" id="a85366ed-03e5-935c-8722-aca4f006140c">
      <Execution id="1b61a724-c76c-495e-8d0d-14606848fc75" />
      <TestMethod codeBase="H:/Visual Studio 2010/Pr02-BidirectionalAssociations.Test/bin/Release/Pr02-BidirectionalAssociations.Test.DLL" adapterTypeName="Microsoft.VisualStudio.TestTools.TestTypes.Unit.UnitTestAdapter, Microsoft.VisualStudio.QualityTools.Tips.UnitTest.Adapter, Version=10.0.0.0, Culture=neutral, PublicKeyToken=b03f5f7f11d50a3a" className="Pr02_BidirectionalAssociations.PeopleCanBeSingle.Test.ManTest, Pr02-BidirectionalAssociations.Test, Version=1.0.0.0, Culture=neutral, PublicKeyToken=null" name="ManConstructorTest" />
    </UnitTest>
    <UnitTest name="ManConstructorTest" storage="h:\visual studio 2010\pr02-bidirectionalassociations.test\bin\release\pr02-bidirectionalassociations.test.dll" id="ca654c3f-ab03-0856-6ae5-704455799c0e">
      <Execution id="df04f1e5-2795-46b9-b89c-b8632dcd676b" />
      <TestMethod codeBase="H:/Visual Studio 2010/Pr02-BidirectionalAssociations.Test/bin/Release/Pr02-BidirectionalAssociations.Test.DLL" adapterTypeName="Microsoft.VisualStudio.TestTools.TestTypes.Unit.UnitTestAdapter, Microsoft.VisualStudio.QualityTools.Tips.UnitTest.Adapter, Version=10.0.0.0, Culture=neutral, PublicKeyToken=b03f5f7f11d50a3a" className="Pr02_BidirectionalAssociations.PeopleMustBeMarried.Test.ManTest, Pr02-BidirectionalAssociations.Test, Version=1.0.0.0, Culture=neutral, PublicKeyToken=null" name="ManConstructorTest" />
    </UnitTest>
    <UnitTest name="ManConstructorTest" storage="h:\visual studio 2010\pr02-bidirectionalassociations.test\bin\release\pr02-bidirectionalassociations.test.dll" id="fc5a7c22-e87a-f04d-a1bc-a16ecb320c7b">
      <Execution id="a36178d5-af35-4b21-9184-1f04400a3b2d" />
      <TestMethod codeBase="H:/Visual Studio 2010/Pr02-BidirectionalAssociations.Test/bin/Release/Pr02-BidirectionalAssociations.Test.DLL" adapterTypeName="Microsoft.VisualStudio.TestTools.TestTypes.Unit.UnitTestAdapter, Microsoft.VisualStudio.QualityTools.Tips.UnitTest.Adapter, Version=10.0.0.0, Culture=neutral, PublicKeyToken=b03f5f7f11d50a3a" className="Pr02_BidirectionalAssociations.MormonMarriageStyle.Test.ManTest, Pr02-BidirectionalAssociations.Test, Version=1.0.0.0, Culture=neutral, PublicKeyToken=null" name="ManConstructorTest" />
    </UnitTest>
    <UnitTest name="GetNameTest" storage="h:\visual studio 2010\pr02-bidirectionalassociations.test\bin\release\pr02-bidirectionalassociations.test.dll" id="5d2de231-75f0-3428-94dd-c50d616790ca">
      <Execution id="87506740-3907-4ce3-b60c-e9337968081f" />
      <TestMethod codeBase="H:/Visual Studio 2010/Pr02-BidirectionalAssociations.Test/bin/Release/Pr02-BidirectionalAssociations.Test.DLL" adapterTypeName="Microsoft.VisualStudio.TestTools.TestTypes.Unit.UnitTestAdapter, Microsoft.VisualStudio.QualityTools.Tips.UnitTest.Adapter, Version=10.0.0.0, Culture=neutral, PublicKeyToken=b03f5f7f11d50a3a" className="Pr02_BidirectionalAssociations.MormonMarriageStyle.Test.ManTest, Pr02-BidirectionalAssociations.Test, Version=1.0.0.0, Culture=neutral, PublicKeyToken=null" name="GetNameTest" />
    </UnitTest>
    <UnitTest name="SetNameTest" storage="h:\visual studio 2010\pr02-bidirectionalassociations.test\bin\release\pr02-bidirectionalassociations.test.dll" id="4e7fd4f1-ab6f-0cb0-7f27-fff132f77d2a">
      <Execution id="72a72b38-9c46-4355-b3d3-bd040a5a1917" />
      <TestMethod codeBase="H:/Visual Studio 2010/Pr02-BidirectionalAssociations.Test/bin/Release/Pr02-BidirectionalAssociations.Test.DLL" adapterTypeName="Microsoft.VisualStudio.TestTools.TestTypes.Unit.UnitTestAdapter, Microsoft.VisualStudio.QualityTools.Tips.UnitTest.Adapter, Version=10.0.0.0, Culture=neutral, PublicKeyToken=b03f5f7f11d50a3a" className="Pr02_BidirectionalAssociations.MormonMarriageStyle.Test.ManTest, Pr02-BidirectionalAssociations.Test, Version=1.0.0.0, Culture=neutral, PublicKeyToken=null" name="SetNameTest" />
    </UnitTest>
    <UnitTest name="WifeTest" storage="h:\visual studio 2010\pr02-bidirectionalassociations.test\bin\release\pr02-bidirectionalassociations.test.dll" id="02336e9e-6d03-0091-2ffe-b7b2b1bbca15">
      <Execution id="5098d676-2e94-4959-9f9f-681bccd2918f" />
      <TestMethod codeBase="H:/Visual Studio 2010/Pr02-BidirectionalAssociations.Test/bin/Release/Pr02-BidirectionalAssociations.Test.DLL" adapterTypeName="Microsoft.VisualStudio.TestTools.TestTypes.Unit.UnitTestAdapter, Microsoft.VisualStudio.QualityTools.Tips.UnitTest.Adapter, Version=10.0.0.0, Culture=neutral, PublicKeyToken=b03f5f7f11d50a3a" className="Pr02_BidirectionalAssociations.PeopleMustBeMarried.Test.ManTest, Pr02-BidirectionalAssociations.Test, Version=1.0.0.0, Culture=neutral, PublicKeyToken=null" name="WifeTest" />
    </UnitTest>
    <UnitTest name="addPostTest" storage="h:\visual studio 2010\pr2-observerpattern.test\bin\release\pr2-observerpattern.test.dll" id="dab52190-0783-cdb5-1bd0-6828a0c53a01">
      <Execution id="11411fb1-0a75-4e38-8b12-c008cd2a44bb" />
      <TestMethod codeBase="H:/Visual Studio 2010/Pr2-ObserverPattern.Test/bin/Release/Pr2-ObserverPattern.Test.DLL" adapterTypeName="Microsoft.VisualStudio.TestTools.TestTypes.Unit.UnitTestAdapter, Microsoft.VisualStudio.QualityTools.Tips.UnitTest.Adapter, Version=10.0.0.0, Culture=neutral, PublicKeyToken=b03f5f7f11d50a3a" className="Pr2_ObserverPattern.Test.UserTest, Pr2-ObserverPattern.Test, Version=1.0.0.0, Culture=neutral, PublicKeyToken=null" name="addPostTest" />
    </UnitTest>
    <UnitTest name="RemoveWifeTest" storage="h:\visual studio 2010\pr02-bidirectionalassociations.test\bin\release\pr02-bidirectionalassociations.test.dll" id="1d934473-bf4c-0681-db1d-d872682e3156">
      <Execution id="e1854efc-02b7-4750-aa7a-87cbb2cf2988" />
      <TestMethod codeBase="H:/Visual Studio 2010/Pr02-BidirectionalAssociations.Test/bin/Release/Pr02-BidirectionalAssociations.Test.DLL" adapterTypeName="Microsoft.VisualStudio.TestTools.TestTypes.Unit.UnitTestAdapter, Microsoft.VisualStudio.QualityTools.Tips.UnitTest.Adapter, Version=10.0.0.0, Culture=neutral, PublicKeyToken=b03f5f7f11d50a3a" className="Pr02_BidirectionalAssociations.MormonMarriageStyle.Test.ManTest, Pr02-BidirectionalAssociations.Test, Version=1.0.0.0, Culture=neutral, PublicKeyToken=null" name="RemoveWifeTest" />
    </UnitTest>
    <UnitTest name="GetNameTest" storage="h:\visual studio 2010\pr02-bidirectionalassociations.test\bin\release\pr02-bidirectionalassociations.test.dll" id="6450b72c-2c82-9ba9-251e-0fa565f734b7">
      <Execution id="2b38964a-87b6-45e7-a732-185a492508fb" />
      <TestMethod codeBase="H:/Visual Studio 2010/Pr02-BidirectionalAssociations.Test/bin/Release/Pr02-BidirectionalAssociations.Test.DLL" adapterTypeName="Microsoft.VisualStudio.TestTools.TestTypes.Unit.UnitTestAdapter, Microsoft.VisualStudio.QualityTools.Tips.UnitTest.Adapter, Version=10.0.0.0, Culture=neutral, PublicKeyToken=b03f5f7f11d50a3a" className="Pr02_BidirectionalAssociations.PeopleCanBeSingle.Test.ManTest, Pr02-BidirectionalAssociations.Test, Version=1.0.0.0, Culture=neutral, PublicKeyToken=null" name="GetNameTest" />
    </UnitTest>
    <UnitTest name="WifeTest" storage="h:\visual studio 2010\pr02-bidirectionalassociations.test\bin\release\pr02-bidirectionalassociations.test.dll" id="535f8ca5-d0b8-770e-9a20-5e9993d226a9">
      <Execution id="eb3fe2f4-e588-4f3f-afe3-9bbdcabccde1" />
      <TestMethod codeBase="H:/Visual Studio 2010/Pr02-BidirectionalAssociations.Test/bin/Release/Pr02-BidirectionalAssociations.Test.DLL" adapterTypeName="Microsoft.VisualStudio.TestTools.TestTypes.Unit.UnitTestAdapter, Microsoft.VisualStudio.QualityTools.Tips.UnitTest.Adapter, Version=10.0.0.0, Culture=neutral, PublicKeyToken=b03f5f7f11d50a3a" className="Pr02_BidirectionalAssociations.PeopleCanBeSingle.Test.ManTest, Pr02-BidirectionalAssociations.Test, Version=1.0.0.0, Culture=neutral, PublicKeyToken=null" name="WifeTest" />
    </UnitTest>
    <UnitTest name="HasMarriedTest" storage="h:\visual studio 2010\pr02-bidirectionalassociations.test\bin\release\pr02-bidirectionalassociations.test.dll" id="fd4316ce-605b-d3e6-2144-ba324efd1c3e">
      <Execution id="c2b7abb9-d80d-4a1c-8dbd-ba2b1fe460ed" />
      <TestMethod codeBase="H:/Visual Studio 2010/Pr02-BidirectionalAssociations.Test/bin/Release/Pr02-BidirectionalAssociations.Test.DLL" adapterTypeName="Microsoft.VisualStudio.TestTools.TestTypes.Unit.UnitTestAdapter, Microsoft.VisualStudio.QualityTools.Tips.UnitTest.Adapter, Version=10.0.0.0, Culture=neutral, PublicKeyToken=b03f5f7f11d50a3a" className="Pr02_BidirectionalAssociations.MormonMarriageStyle.Test.ManTest, Pr02-BidirectionalAssociations.Test, Version=1.0.0.0, Culture=neutral, PublicKeyToken=null" name="HasMarriedTest" />
    </UnitTest>
  </TestDefinitions>
  <TestLists>
    <TestList name="Results Not in a List" id="8c84fa94-04c1-424b-9868-57a2d4851a1d" />
    <TestList name="All Loaded Results" id="19431567-8539-422a-85d7-44ee4e166bda" />
  </TestLists>
  <TestEntries>
    <TestEntry testId="02336e9e-6d03-0091-2ffe-b7b2b1bbca15" executionId="5098d676-2e94-4959-9f9f-681bccd2918f" testListId="8c84fa94-04c1-424b-9868-57a2d4851a1d" />
    <TestEntry testId="0d224b74-73c8-531b-9606-939cf76be9cb" executionId="2674fe49-29df-4c41-8476-a788799e4c8b" testListId="8c84fa94-04c1-424b-9868-57a2d4851a1d" />
    <TestEntry testId="1d934473-bf4c-0681-db1d-d872682e3156" executionId="e1854efc-02b7-4750-aa7a-87cbb2cf2988" testListId="8c84fa94-04c1-424b-9868-57a2d4851a1d" />
    <TestEntry testId="2be7cfc5-ff23-c0eb-aa9f-5f448e6e4a3c" executionId="409a7875-577b-48e6-8b2a-dfc4da3824a9" testListId="8c84fa94-04c1-424b-9868-57a2d4851a1d" />
    <TestEntry testId="36b479e8-9918-2c63-0d02-0ca98f475a8e" executionId="8e1441e7-6684-4fa2-adde-df90429384c8" testListId="8c84fa94-04c1-424b-9868-57a2d4851a1d" />
    <TestEntry testId="3f679cbf-f532-349f-27d9-2d409674fbfe" executionId="3f406d73-925f-43a8-9ae5-2c132b40b0b1" testListId="8c84fa94-04c1-424b-9868-57a2d4851a1d" />
    <TestEntry testId="42d4e71a-e9a7-f058-5497-ed26a349c300" executionId="73c7ef16-0c07-4105-a835-c7f6edcfd18f" testListId="8c84fa94-04c1-424b-9868-57a2d4851a1d" />
    <TestEntry testId="4e7fd4f1-ab6f-0cb0-7f27-fff132f77d2a" executionId="72a72b38-9c46-4355-b3d3-bd040a5a1917" testListId="8c84fa94-04c1-424b-9868-57a2d4851a1d" />
    <TestEntry testId="535f8ca5-d0b8-770e-9a20-5e9993d226a9" executionId="eb3fe2f4-e588-4f3f-afe3-9bbdcabccde1" testListId="8c84fa94-04c1-424b-9868-57a2d4851a1d" />
    <TestEntry testId="5d2de231-75f0-3428-94dd-c50d616790ca" executionId="87506740-3907-4ce3-b60c-e9337968081f" testListId="8c84fa94-04c1-424b-9868-57a2d4851a1d" />
    <TestEntry testId="6450b72c-2c82-9ba9-251e-0fa565f734b7" executionId="2b38964a-87b6-45e7-a732-185a492508fb" testListId="8c84fa94-04c1-424b-9868-57a2d4851a1d" />
    <TestEntry testId="860811e3-b97e-644c-bdad-aedcca14161f" executionId="a408f89a-e894-4b92-acd4-c81df45c3c2a" testListId="8c84fa94-04c1-424b-9868-57a2d4851a1d" />
    <TestEntry testId="8d0dc86d-9728-f51f-47c4-131ee1fa47f3" executionId="fd18fdbc-b25b-493c-a2df-ee0fbae1a6e9" testListId="8c84fa94-04c1-424b-9868-57a2d4851a1d" />
    <TestEntry testId="8e6bda69-19ea-103b-5eb9-72a74db46db6" executionId="1d22aa08-9b7c-439a-9321-abb1a243f305" testListId="8c84fa94-04c1-424b-9868-57a2d4851a1d" />
    <TestEntry testId="9b6c598b-4a8c-fe13-14c3-820564032856" executionId="69cb95c0-f5a5-4ebc-ad42-04c454d3aa02" testListId="8c84fa94-04c1-424b-9868-57a2d4851a1d" />
    <TestEntry testId="a85366ed-03e5-935c-8722-aca4f006140c" executionId="1b61a724-c76c-495e-8d0d-14606848fc75" testListId="8c84fa94-04c1-424b-9868-57a2d4851a1d" />
    <TestEntry testId="c2c63bb1-0697-a444-2ad1-0a65720a9644" executionId="363833cc-91f7-41ff-a6d7-337d53cc7289" testListId="8c84fa94-04c1-424b-9868-57a2d4851a1d" />
    <TestEntry testId="ca654c3f-ab03-0856-6ae5-704455799c0e" executionId="df04f1e5-2795-46b9-b89c-b8632dcd676b" testListId="8c84fa94-04c1-424b-9868-57a2d4851a1d" />
    <TestEntry testId="d5e4d03e-a51e-d7e1-6449-74af4c77971b" executionId="98875711-8276-4312-9bb4-0eabffe661f3" testListId="8c84fa94-04c1-424b-9868-57a2d4851a1d" />
    <TestEntry testId="dab52190-0783-cdb5-1bd0-6828a0c53a01" executionId="11411fb1-0a75-4e38-8b12-c008cd2a44bb" testListId="8c84fa94-04c1-424b-9868-57a2d4851a1d" />
    <TestEntry testId="fc5a7c22-e87a-f04d-a1bc-a16ecb320c7b" executionId="a36178d5-af35-4b21-9184-1f04400a3b2d" testListId="8c84fa94-04c1-424b-9868-57a2d4851a1d" />
    <TestEntry testId="fd4316ce-605b-d3e6-2144-ba324efd1c3e" executionId="c2b7abb9-d80d-4a1c-8dbd-ba2b1fe460ed" testListId="8c84fa94-04c1-424b-9868-57a2d4851a1d" />
    <TestEntry testId="fee97618-ccab-b58b-2e35-87356f9d2e2f" executionId="a863ded3-27ec-4a2f-b443-2c14cee6ceee" testListId="8c84fa94-04c1-424b-9868-57a2d4851a1d" />
  </TestEntries>
  <Results>
    <UnitTestResult executionId="5098d676-2e94-4959-9f9f-681bccd2918f" testId="02336e9e-6d03-0091-2ffe-b7b2b1bbca15" testName="WifeTest" computerName="GERARDO" duration="00:00:00.0969440" startTime="2013-10-10T17:06:09.1250000+02:00" endTime="2013-10-10T17:06:10.9062500+02:00" testType="13cdc9d9-ddb5-4fa4-a97d-d965ccfc6d4b" outcome="Passed" testListId="8c84fa94-04c1-424b-9868-57a2d4851a1d" relativeResultsDirectory="5098d676-2e94-4959-9f9f-681bccd2918f">
    </UnitTestResult>
    <UnitTestResult executionId="2674fe49-29df-4c41-8476-a788799e4c8b" testId="0d224b74-73c8-531b-9606-939cf76be9cb" testName="EqualsTest" computerName="GERARDO" duration="00:00:00.0012540" startTime="2013-10-10T17:06:10.9062500+02:00" endTime="2013-10-10T17:06:10.9218750+02:00" testType="13cdc9d9-ddb5-4fa4-a97d-d965ccfc6d4b" outcome="Passed" testListId="8c84fa94-04c1-424b-9868-57a2d4851a1d" relativeResultsDirectory="2674fe49-29df-4c41-8476-a788799e4c8b">
    </UnitTestResult>
    <UnitTestResult executionId="e1854efc-02b7-4750-aa7a-87cbb2cf2988" testId="1d934473-bf4c-0681-db1d-d872682e3156" testName="RemoveWifeTest" computerName="GERARDO" duration="00:00:00.0508292" startTime="2013-10-10T17:06:10.9218750+02:00" endTime="2013-10-10T17:06:10.9687500+02:00" testType="13cdc9d9-ddb5-4fa4-a97d-d965ccfc6d4b" outcome="Passed" testListId="8c84fa94-04c1-424b-9868-57a2d4851a1d" relativeResultsDirectory="e1854efc-02b7-4750-aa7a-87cbb2cf2988">
    </UnitTestResult>
    <UnitTestResult executionId="409a7875-577b-48e6-8b2a-dfc4da3824a9" testId="2be7cfc5-ff23-c0eb-aa9f-5f448e6e4a3c" testName="SetNameTest" computerName="GERARDO" duration="00:00:00.0006741" startTime="2013-10-10T17:06:10.9843750+02:00" endTime="2013-10-10T17:06:10.9843750+02:00" testType="13cdc9d9-ddb5-4fa4-a97d-d965ccfc6d4b" outcome="Passed" testListId="8c84fa94-04c1-424b-9868-57a2d4851a1d" relativeResultsDirectory="409a7875-577b-48e6-8b2a-dfc4da3824a9">
    </UnitTestResult>
    <UnitTestResult executionId="8e1441e7-6684-4fa2-adde-df90429384c8" testId="36b479e8-9918-2c63-0d02-0ca98f475a8e" testName="EqualsTest" computerName="GERARDO" duration="00:00:00.0014655" startTime="2013-10-10T17:06:10.9843750+02:00" endTime="2013-10-10T17:06:11.0000000+02:00" testType="13cdc9d9-ddb5-4fa4-a97d-d965ccfc6d4b" outcome="Passed" testListId="8c84fa94-04c1-424b-9868-57a2d4851a1d" relativeResultsDirectory="8e1441e7-6684-4fa2-adde-df90429384c8">
    </UnitTestResult>
    <UnitTestResult executionId="3f406d73-925f-43a8-9ae5-2c132b40b0b1" testId="3f679cbf-f532-349f-27d9-2d409674fbfe" testName="ChangeCouplesTest" computerName="GERARDO" duration="00:00:00.0033209" startTime="2013-10-10T17:06:11.0000000+02:00" endTime="2013-10-10T17:06:11.0000000+02:00" testType="13cdc9d9-ddb5-4fa4-a97d-d965ccfc6d4b" outcome="Passed" testListId="8c84fa94-04c1-424b-9868-57a2d4851a1d" relativeResultsDirectory="3f406d73-925f-43a8-9ae5-2c132b40b0b1">
    </UnitTestResult>
    <UnitTestResult executionId="73c7ef16-0c07-4105-a835-c7f6edcfd18f" testId="42d4e71a-e9a7-f058-5497-ed26a349c300" testName="NameTest" computerName="GERARDO" duration="00:00:00.0514299" startTime="2013-10-10T17:06:11.0000000+02:00" endTime="2013-10-10T17:06:11.4062500+02:00" testType="13cdc9d9-ddb5-4fa4-a97d-d965ccfc6d4b" outcome="Passed" testListId="8c84fa94-04c1-424b-9868-57a2d4851a1d" relativeResultsDirectory="73c7ef16-0c07-4105-a835-c7f6edcfd18f">
    </UnitTestResult>
    <UnitTestResult executionId="72a72b38-9c46-4355-b3d3-bd040a5a1917" testId="4e7fd4f1-ab6f-0cb0-7f27-fff132f77d2a" testName="SetNameTest" computerName="GERARDO" duration="00:00:00.0008014" startTime="2013-10-10T17:06:11.4062500+02:00" endTime="2013-10-10T17:06:11.4062500+02:00" testType="13cdc9d9-ddb5-4fa4-a97d-d965ccfc6d4b" outcome="Passed" testListId="8c84fa94-04c1-424b-9868-57a2d4851a1d" relativeResultsDirectory="72a72b38-9c46-4355-b3d3-bd040a5a1917">
    </UnitTestResult>
    <UnitTestResult executionId="eb3fe2f4-e588-4f3f-afe3-9bbdcabccde1" testId="535f8ca5-d0b8-770e-9a20-5e9993d226a9" testName="WifeTest" computerName="GERARDO" duration="00:00:00.0022836" startTime="2013-10-10T17:06:11.4062500+02:00" endTime="2013-10-10T17:06:11.4218750+02:00" testType="13cdc9d9-ddb5-4fa4-a97d-d965ccfc6d4b" outcome="Passed" testListId="8c84fa94-04c1-424b-9868-57a2d4851a1d" relativeResultsDirectory="eb3fe2f4-e588-4f3f-afe3-9bbdcabccde1">
    </UnitTestResult>
    <UnitTestResult executionId="87506740-3907-4ce3-b60c-e9337968081f" testId="5d2de231-75f0-3428-94dd-c50d616790ca" testName="GetNameTest" computerName="GERARDO" duration="00:00:00.0007206" startTime="2013-10-10T17:06:11.4218750+02:00" endTime="2013-10-10T17:06:11.4218750+02:00" testType="13cdc9d9-ddb5-4fa4-a97d-d965ccfc6d4b" outcome="Passed" testListId="8c84fa94-04c1-424b-9868-57a2d4851a1d" relativeResultsDirectory="87506740-3907-4ce3-b60c-e9337968081f">
    </UnitTestResult>
    <UnitTestResult executionId="2b38964a-87b6-45e7-a732-185a492508fb" testId="6450b72c-2c82-9ba9-251e-0fa565f734b7" testName="GetNameTest" computerName="GERARDO" duration="00:00:00.0006145" startTime="2013-10-10T17:06:11.4218750+02:00" endTime="2013-10-10T17:06:11.4375000+02:00" testType="13cdc9d9-ddb5-4fa4-a97d-d965ccfc6d4b" outcome="Passed" testListId="8c84fa94-04c1-424b-9868-57a2d4851a1d" relativeResultsDirectory="2b38964a-87b6-45e7-a732-185a492508fb">
    </UnitTestResult>
    <UnitTestResult executionId="a408f89a-e894-4b92-acd4-c81df45c3c2a" testId="860811e3-b97e-644c-bdad-aedcca14161f" testName="AddWifeTest" computerName="GERARDO" duration="00:00:00.3187196" startTime="2013-10-10T17:06:11.4375000+02:00" endTime="2013-10-10T17:06:11.7656250+02:00" testType="13cdc9d9-ddb5-4fa4-a97d-d965ccfc6d4b" outcome="Failed" testListId="8c84fa94-04c1-424b-9868-57a2d4851a1d" relativeResultsDirectory="a408f89a-e894-4b92-acd4-c81df45c3c2a">
      <Output>
        <ErrorInfo>
          <Message>Assert.IsTrue failed. </Message>
          <StackTrace>   at Pr02_BidirectionalAssociations.MormonMarriageStyle.Test.ManTest.AddWifeTest() in H:\Visual Studio 2010\Pr02-BidirectionalAssociations.Test\MormonMarriageStyle\ManTest.cs:line 139
</StackTrace>
        </ErrorInfo>
      </Output>
    </UnitTestResult>
    <UnitTestResult executionId="fd18fdbc-b25b-493c-a2df-ee0fbae1a6e9" testId="8d0dc86d-9728-f51f-47c4-131ee1fa47f3" testName="ChangeCouplesTest" computerName="GERARDO" duration="00:00:00.0020921" startTime="2013-10-10T17:06:11.7656250+02:00" endTime="2013-10-10T17:06:11.7656250+02:00" testType="13cdc9d9-ddb5-4fa4-a97d-d965ccfc6d4b" outcome="Passed" testListId="8c84fa94-04c1-424b-9868-57a2d4851a1d" relativeResultsDirectory="fd18fdbc-b25b-493c-a2df-ee0fbae1a6e9">
    </UnitTestResult>
    <UnitTestResult executionId="1d22aa08-9b7c-439a-9321-abb1a243f305" testId="8e6bda69-19ea-103b-5eb9-72a74db46db6" testName="EqualsTest" computerName="GERARDO" duration="00:00:00.0007038" startTime="2013-10-10T17:06:11.7656250+02:00" endTime="2013-10-10T17:06:11.7812500+02:00" testType="13cdc9d9-ddb5-4fa4-a97d-d965ccfc6d4b" outcome="Passed" testListId="8c84fa94-04c1-424b-9868-57a2d4851a1d" relativeResultsDirectory="1d22aa08-9b7c-439a-9321-abb1a243f305">
    </UnitTestResult>
    <UnitTestResult executionId="69cb95c0-f5a5-4ebc-ad42-04c454d3aa02" testId="9b6c598b-4a8c-fe13-14c3-820564032856" testName="GetNameTest" computerName="GERARDO" duration="00:00:00.0005029" startTime="2013-10-10T17:06:11.7812500+02:00" endTime="2013-10-10T17:06:11.7812500+02:00" testType="13cdc9d9-ddb5-4fa4-a97d-d965ccfc6d4b" outcome="Passed" testListId="8c84fa94-04c1-424b-9868-57a2d4851a1d" relativeResultsDirectory="69cb95c0-f5a5-4ebc-ad42-04c454d3aa02">
    </UnitTestResult>
    <UnitTestResult executionId="1b61a724-c76c-495e-8d0d-14606848fc75" testId="a85366ed-03e5-935c-8722-aca4f006140c" testName="ManConstructorTest" computerName="GERARDO" duration="00:00:00.0005124" startTime="2013-10-10T17:06:11.7812500+02:00" endTime="2013-10-10T17:06:11.7968750+02:00" testType="13cdc9d9-ddb5-4fa4-a97d-d965ccfc6d4b" outcome="Passed" testListId="8c84fa94-04c1-424b-9868-57a2d4851a1d" relativeResultsDirectory="1b61a724-c76c-495e-8d0d-14606848fc75">
    </UnitTestResult>
    <UnitTestResult executionId="363833cc-91f7-41ff-a6d7-337d53cc7289" testId="c2c63bb1-0697-a444-2ad1-0a65720a9644" testName="SetNameTest" computerName="GERARDO" duration="00:00:00.0005238" startTime="2013-10-10T17:06:11.7968750+02:00" endTime="2013-10-10T17:06:11.7968750+02:00" testType="13cdc9d9-ddb5-4fa4-a97d-d965ccfc6d4b" outcome="Passed" testListId="8c84fa94-04c1-424b-9868-57a2d4851a1d" relativeResultsDirectory="363833cc-91f7-41ff-a6d7-337d53cc7289">
    </UnitTestResult>
    <UnitTestResult executionId="df04f1e5-2795-46b9-b89c-b8632dcd676b" testId="ca654c3f-ab03-0856-6ae5-704455799c0e" testName="ManConstructorTest" computerName="GERARDO" duration="00:00:00.0005323" startTime="2013-10-10T17:06:11.7968750+02:00" endTime="2013-10-10T17:06:11.8125000+02:00" testType="13cdc9d9-ddb5-4fa4-a97d-d965ccfc6d4b" outcome="Passed" testListId="8c84fa94-04c1-424b-9868-57a2d4851a1d" relativeResultsDirectory="df04f1e5-2795-46b9-b89c-b8632dcd676b">
    </UnitTestResult>
    <UnitTestResult executionId="98875711-8276-4312-9bb4-0eabffe661f3" testId="d5e4d03e-a51e-d7e1-6449-74af4c77971b" testName="UserConstructorTest" computerName="GERARDO" duration="00:00:00.0004116" startTime="2013-10-10T17:06:11.8125000+02:00" endTime="2013-10-10T17:06:11.8125000+02:00" testType="13cdc9d9-ddb5-4fa4-a97d-d965ccfc6d4b" outcome="Passed" testListId="8c84fa94-04c1-424b-9868-57a2d4851a1d" relativeResultsDirectory="98875711-8276-4312-9bb4-0eabffe661f3">
    </UnitTestResult>
    <UnitTestResult executionId="11411fb1-0a75-4e38-8b12-c008cd2a44bb" testId="dab52190-0783-cdb5-1bd0-6828a0c53a01" testName="addPostTest" computerName="GERARDO" duration="00:00:00.0012142" startTime="2013-10-10T17:06:11.8281250+02:00" endTime="2013-10-10T17:06:11.8437500+02:00" testType="13cdc9d9-ddb5-4fa4-a97d-d965ccfc6d4b" outcome="Passed" testListId="8c84fa94-04c1-424b-9868-57a2d4851a1d" relativeResultsDirectory="11411fb1-0a75-4e38-8b12-c008cd2a44bb">
    </UnitTestResult>
    <UnitTestResult executionId="a36178d5-af35-4b21-9184-1f04400a3b2d" testId="fc5a7c22-e87a-f04d-a1bc-a16ecb320c7b" testName="ManConstructorTest" computerName="GERARDO" duration="00:00:00.0014593" startTime="2013-10-10T17:06:11.8437500+02:00" endTime="2013-10-10T17:06:11.8593750+02:00" testType="13cdc9d9-ddb5-4fa4-a97d-d965ccfc6d4b" outcome="Passed" testListId="8c84fa94-04c1-424b-9868-57a2d4851a1d" relativeResultsDirectory="a36178d5-af35-4b21-9184-1f04400a3b2d">
    </UnitTestResult>
    <UnitTestResult executionId="c2b7abb9-d80d-4a1c-8dbd-ba2b1fe460ed" testId="fd4316ce-605b-d3e6-2144-ba324efd1c3e" testName="HasMarriedTest" computerName="GERARDO" duration="00:00:00.0009057" startTime="2013-10-10T17:06:11.8593750+02:00" endTime="2013-10-10T17:06:11.8593750+02:00" testType="13cdc9d9-ddb5-4fa4-a97d-d965ccfc6d4b" outcome="Passed" testListId="8c84fa94-04c1-424b-9868-57a2d4851a1d" relativeResultsDirectory="c2b7abb9-d80d-4a1c-8dbd-ba2b1fe460ed">
    </UnitTestResult>
    <UnitTestResult executionId="a863ded3-27ec-4a2f-b443-2c14cee6ceee" testId="fee97618-ccab-b58b-2e35-87356f9d2e2f" testName="ChangeCoupleTest" computerName="GERARDO" duration="00:00:00.0016579" startTime="2013-10-10T17:06:11.8593750+02:00" endTime="2013-10-10T17:06:11.8750000+02:00" testType="13cdc9d9-ddb5-4fa4-a97d-d965ccfc6d4b" outcome="Passed" testListId="8c84fa94-04c1-424b-9868-57a2d4851a1d" relativeResultsDirectory="a863ded3-27ec-4a2f-b443-2c14cee6ceee">
    </UnitTestResult>
  </Results>
</TestRun>