<?xml version="1.0" encoding="UTF-8"?>
<TestRun id="cac7b4ab-1193-4c5b-935c-ae3373a8c049" name="Administrador@GERARDO 2013-10-09 16:43:00" runUser="GERARDO\Administrador" xmlns="http://microsoft.com/schemas/VisualStudio/TeamTest/2010">
  <TestSettings name="Local" id="ea1579ee-3d17-4c7f-a67e-f9786e87a8f9">
    <Description>These are default test settings for a local test run.</Description>
    <Deployment enabled="false" runDeploymentRoot="Administrador_GERARDO 2013-10-09 16_43_00">
      <DeploymentItem filename="H:\Visual Studio 2010\Pr02-BidirectionalAssociations\bin\Release\Pr02-BidirectionalAssociations.exe" />
    </Deployment>
    <Execution>
      <TestTypeSpecific />
      <AgentRule name="Execution Agents">
      </AgentRule>
    </Execution>
  </TestSettings>
  <Times creation="2013-10-09T16:43:00.3281250+02:00" queuing="2013-10-09T16:43:00.3750000+02:00" start="2013-10-09T16:43:00.3906250+02:00" finish="2013-10-09T16:43:00.7968750+02:00" />
  <ResultSummary outcome="Completed">
    <Counters total="1" executed="1" passed="1" error="0" failed="0" timeout="0" aborted="0" inconclusive="0" passedButRunAborted="0" notRunnable="0" notExecuted="0" disconnected="0" warning="0" completed="0" inProgress="0" pending="0" />
  </ResultSummary>
  <TestDefinitions>
    <UnitTest name="ChangeCouplesTest" storage="h:\visual studio 2010\pr02-bidirectionalassociations.test\bin\release\pr02-bidirectionalassociations.test.dll" id="3f679cbf-f532-349f-27d9-2d409674fbfe">
      <Execution id="4bfd02fe-6610-4aa9-be6b-5f4f61ab385c" />
      <TestMethod codeBase="H:/Visual Studio 2010/Pr02-BidirectionalAssociations.Test/bin/Release/Pr02-BidirectionalAssociations.Test.DLL" adapterTypeName="Microsoft.VisualStudio.TestTools.TestTypes.Unit.UnitTestAdapter, Microsoft.VisualStudio.QualityTools.Tips.UnitTest.Adapter, Version=10.0.0.0, Culture=neutral, PublicKeyToken=b03f5f7f11d50a3a" className="Pr02_BidirectionalAssociations.PeopleMustBeMarried.Test.ManTest, Pr02-BidirectionalAssociations.Test, Version=1.0.0.0, Culture=neutral, PublicKeyToken=null" name="ChangeCouplesTest" />
    </UnitTest>
  </TestDefinitions>
  <TestLists>
    <TestList name="Results Not in a List" id="8c84fa94-04c1-424b-9868-57a2d4851a1d" />
    <TestList name="All Loaded Results" id="19431567-8539-422a-85d7-44ee4e166bda" />
  </TestLists>
  <TestEntries>
    <TestEntry testId="3f679cbf-f532-349f-27d9-2d409674fbfe" executionId="4bfd02fe-6610-4aa9-be6b-5f4f61ab385c" testListId="8c84fa94-04c1-424b-9868-57a2d4851a1d" />
  </TestEntries>
  <Results>
    <UnitTestResult executionId="4bfd02fe-6610-4aa9-be6b-5f4f61ab385c" testId="3f679cbf-f532-349f-27d9-2d409674fbfe" testName="ChangeCouplesTest" computerName="GERARDO" duration="00:00:00.0303767" startTime="2013-10-09T16:43:00.3906250+02:00" endTime="2013-10-09T16:43:00.7812500+02:00" testType="13cdc9d9-ddb5-4fa4-a97d-d965ccfc6d4b" outcome="Passed" testListId="8c84fa94-04c1-424b-9868-57a2d4851a1d" relativeResultsDirectory="4bfd02fe-6610-4aa9-be6b-5f4f61ab385c">
    </UnitTestResult>
  </Results>
</TestRun>